// Vitest Snapshot v1, https://vitest.dev/guide/snapshot.html

exports[`generates a valid Prettier config 1`] = `
{
  "plugins": [
    "@prettier/plugin-oxc",
    "@prettier/plugin-xml",
    "prettier-plugin-expand-json",
    "prettier-plugin-markdown-html",
    "prettier-plugin-sh",
    "prettier-plugin-yaml",
  ],
}
`;

exports[`generates a valid Prettier config 2`] = `
{
  "bracketSpacing": true,
  "printWidth": 80,
  "quoteProps": "consistent",
  "singleQuote": true,
  "tabWidth": 2,
  "trailingComma": "es5",
  "useTabs": false,
}
`;

exports[`generates a valid Prettier config 3`] = `
{
  "overrides": [
    {
      "files": [
        "*.css",
        "*.scss",
      ],
      "options": {
        "printWidth": 100,
        "singleQuote": false,
        "tabWidth": 4,
        "useTabs": true,
      },
    },
    {
      "files": [
        "*.graphql",
        "*.graphqls",
        "*.gql",
      ],
      "options": {
        "tabWidth": 4,
        "useTabs": true,
      },
    },
    {
      "files": [
        "*.html",
        "*.htm",
      ],
      "options": {
        "printWidth": 100,
        "tabWidth": 4,
        "useTabs": true,
      },
    },
    {
      "files": [
        "*.js",
        "*.jsx",
        "*.cjs",
        "*.mjs",
      ],
      "options": {
        "parser": "oxc",
        "tabWidth": 4,
        "useTabs": true,
      },
    },
    {
      "files": [
        "*.json",
        "*.jsonc",
        "*.json5",
      ],
      "options": {
        "tabWidth": 4,
        "useTabs": true,
      },
    },
    {
      "excludeFiles": [
        "package.json",
      ],
      "files": [
        "*.json",
        "*.jsonc",
        "*.json5",
      ],
      "options": {
        "jsonRecursiveSort": true,
        "jsonSortOrder": [
          "$schema",
        ],
        "plugins": [
          "prettier-plugin-sort-json",
          "prettier-plugin-expand-json",
        ],
      },
    },
    {
      "files": [
        "*.md",
        "*.mdx",
      ],
      "options": {
        "tabWidth": 4,
        "useTabs": false,
      },
    },
    {
      "files": [
        "*.md",
      ],
      "options": {
        "htmlFragmentPrintWidth": Infinity,
        "htmlFragmentSingleAttributePerLine": true,
      },
    },
    {
      "files": [
        "*.sh",
      ],
      "options": {
        "tabWidth": 2,
        "useTabs": false,
      },
    },
    {
      "files": [
        "*.ts",
        "*.tsx",
        "*.cts",
        "*.mts",
      ],
      "options": {
        "parser": "oxc-ts",
        "tabWidth": 4,
        "useTabs": true,
      },
    },
    {
      "files": [
        "*.xml",
        "*.plist",
        "*.svg",
      ],
      "options": {
        "parser": "xml",
        "printWidth": 80,
        "singleAttributePerLine": true,
        "tabWidth": 4,
        "useTabs": true,
        "xmlQuoteAttributes": "double",
        "xmlWhitespaceSensitivity": "ignore",
      },
    },
    {
      "files": [
        "*.yaml",
        "*.yml",
      ],
      "options": {
        "useTabs": false,
        "yamlCollectionStyle": "block",
      },
    },
    {
      "files": [
        "oxlintrc.json",
        "oxlintrc.jsonc",
        "oxlintrc.*.json",
        "oxlintrc.*.jsonc",
        ".oxlintrc.json",
        ".oxlintrc.jsonc",
        ".oxlintrc.*.json",
        ".oxlintrc.*.jsonc",
      ],
      "options": {
        "jsonSortOrder": [
          "$schema",
          "files",
          "extends",
          "ignorePatterns",
          "plugins",
          "jsPlugins",
          "categories",
          "env",
          "globals",
          "settings",
          "rules",
          "overrides",
        ],
      },
    },
    {
      "files": [
        "package.json",
      ],
      "options": {
        "packageSortOrder": [
          "$schema",
          "name",
          "version",
          "private",
          "description",
          "license",
          "author",
          "contributors",
          "funding",
          "homepage",
          "repository",
          "bugs",
          "keywords",
          "workspaces",
          "directories",
          "files",
          "type",
          "browser",
          "sideEffects",
          "main",
          "module",
          "exports",
          "types",
          "typesVersions",
          "bin",
          "man",
          "imports",
          "engines",
          "os",
          "cpu",
          "libc",
          "gypfile",
          "packageManager",
          "devEngines",
          "dependencies",
          "bundleDependencies",
          "peerDependencies",
          "peerDependenciesMeta",
          "optionalDependencies",
          "devDependencies",
          "overrides",
          "pnpm",
          "config",
          "publishConfig",
          "scripts",
        ],
        "plugins": [
          "prettier-plugin-packagejson",
          "prettier-plugin-expand-json",
        ],
      },
    },
    {
      "files": [
        "tsconfig.json",
        "tsconfig.*.json",
        "jsconfig.json",
        "jsconfig.*.json",
      ],
      "options": {
        "jsonSortOrder": [
          "$schema",
          "extends",
          "enable",
          "references",
          "compilerOptions",
          "typeAcquisition",
          "files",
          "include",
          "exclude",
          "watchOptions",
          "watchDirectory",
          "watchFile",
          "fallbackPolling",
          "synchronousWatchDirectory",
          "compileOnSave",
        ],
      },
    },
    {
      "files": [
        ".vscode/mcp.json",
      ],
      "options": {
        "jsonSortOrder": [
          "$schema",
          "command",
        ],
      },
    },
    {
      "files": [
        ".vscode/sessions.json",
      ],
      "options": {
        "jsonSortOrder": [
          "$schema",
          "name",
          "commands",
          "active",
        ],
      },
    },
  ],
}
`;
