// Vitest Snapshot v1, https://vitest.dev/guide/snapshot.html

exports[`exposes correct constants 1`] = `
{
  "GLOB_SET_CSS": [
    "*.css",
    "*.less",
    "*.pcss",
    "*.postcss",
    "*.scss",
    "*.wxss",
  ],
  "GLOB_SET_GRAPHQL": [
    "*.gql",
    "*.graphql",
    "*.graphqls",
  ],
  "GLOB_SET_HTML": [
    "*.handlebars",
    "*.hbs",
    "*.hta",
    "*.htm",
    "*.html",
    "*.html.hl",
    "*.inc",
    "*.mjml",
    "*.xht",
    "*.xhtml",
  ],
  "GLOB_SET_JAVASCRIPT": [
    "*._js",
    "*.bones",
    "*.cjs",
    "*.end.frag",
    "*.es",
    "*.es6",
    "*.gs",
    "*.jake",
    "*.javascript",
    "*.js",
    "*.jsb",
    "*.jscad",
    "*.jsfl",
    "*.jslib",
    "*.jsm",
    "*.jspre",
    "*.jss",
    "*.jsx",
    "*.mjs",
    "*.njs",
    "*.pac",
    "*.sjs",
    "*.ssjs",
    "*.start.frag",
    "*.wxs",
    "*.xsjs",
    "*.xsjslib",
    "end.frag",
    "Jakefile",
    "start.frag",
  ],
  "GLOB_SET_JAVASCRIPT_FLOW": [
    "*.js.flow",
  ],
  "GLOB_SET_JSON": [
    ".all-contributorsrc",
    ".arcconfig",
    ".auto-changelog",
    ".babelrc",
    ".c8rc",
    ".htmlhintrc",
    ".imgbotconfig",
    ".jscsrc",
    ".jshintrc",
    ".jslintrc",
    ".nycrc",
    ".swcrc",
    ".tern-config",
    ".tern-project",
    ".watchmanconfig",
    "*.4DForm",
    "*.4DProject",
    "*.avsc",
    "*.code-snippets",
    "*.code-workspace",
    "*.geojson",
    "*.gltf",
    "*.har",
    "*.ice",
    "*.importmap",
    "*.json",
    "*.JSON-tmLanguage",
    "*.json.example",
    "*.jsonc",
    "*.mcmeta",
    "*.sarif",
    "*.slnlaunch",
    "*.sublime_metrics",
    "*.sublime_session",
    "*.sublime-build",
    "*.sublime-color-scheme",
    "*.sublime-commands",
    "*.sublime-completions",
    "*.sublime-keymap",
    "*.sublime-macro",
    "*.sublime-menu",
    "*.sublime-mousemap",
    "*.sublime-project",
    "*.sublime-settings",
    "*.sublime-theme",
    "*.sublime-workspace",
    "*.tact",
    "*.tfstate",
    "*.tfstate.backup",
    "*.topojson",
    "*.webapp",
    "*.webmanifest",
    "*.yy",
    "*.yyp",
    "composer.json",
    "package-lock.json",
    "package.json",
  ],
  "GLOB_SET_JSON5": [
    "*.json5",
  ],
  "GLOB_SET_MARKDOWN": [
    "*.livemd",
    "*.markdown",
    "*.md",
    "*.mdown",
    "*.mdwn",
    "*.mkd",
    "*.mkdn",
    "*.mkdown",
    "*.ronn",
    "*.scd",
    "*.workbook",
    "contents.lr",
    "README",
  ],
  "GLOB_SET_MDX": [
    "*.mdx",
  ],
  "GLOB_SET_SHELL": [
    ".bash_aliases",
    ".bash_functions",
    ".bash_history",
    ".bash_logout",
    ".bash_profile",
    ".bashrc",
    ".cshrc",
    ".envrc",
    ".flaskenv",
    ".kshrc",
    ".login",
    ".profile",
    ".tmux.conf",
    ".xinitrc",
    ".xsession",
    ".zlogin",
    ".zlogout",
    ".zprofile",
    ".zshenv",
    ".zshrc",
    "*.bash",
    "*.bats",
    "*.cgi",
    "*.command",
    "*.fcgi",
    "*.ksh",
    "*.sbatch",
    "*.sh",
    "*.sh.in",
    "*.slurm",
    "*.tmux",
    "*.tool",
    "*.trigger",
    "*.zsh",
    "*.zsh-theme",
    "9fs",
    "bash_aliases",
    "bash_logout",
    "bash_profile",
    "bashrc",
    "cshrc",
    "gradlew",
    "kshrc",
    "login",
    "man",
    "mvnw",
    "PKGBUILD",
    "profile",
    "tmux.conf",
    "xinitrc",
    "xsession",
    "zlogin",
    "zlogout",
    "zprofile",
    "zshenv",
    "zshrc",
  ],
  "GLOB_SET_SHELL_PROPERTIES": [
    ".ackrc",
    ".atomignore",
    ".babelignore",
    ".bzrignore",
    ".coffeelintignore",
    ".cvsignore",
    ".dockerignore",
    ".easignore",
    ".eleventyignore",
    ".eslint-ignore",
    ".eslintignore",
    ".gitattributes",
    ".gitignore",
    ".ignore",
    ".markdownlintignore",
    ".node-version",
    ".nodemonignore",
    ".npmignore",
    ".nvmrc",
    ".prettierignore",
    ".rspec",
    ".stylelintignore",
    ".tm_properties",
    ".vercelignore",
    ".vscodeignore",
    ".yardopts",
    "*.containerfile",
    "*.dockerfile",
    "*.env",
    "*.gitignore",
    "*.ical",
    "*.ics",
    "*.node-version",
    "*.nvmrc",
    "*.pc",
    "*.pc.in",
    "*.properties",
    "*.vcf",
    "*.vmoptions",
    "ackrc",
    "CODEOWNERS",
    "Containerfile",
    "Dockerfile",
    "gitignore_global",
    "gitignore-global",
    "hosts",
    "jvm.options",
    "mocha.opts",
  ],
  "GLOB_SET_TYPESCRIPT": [
    "*.cts",
    "*.mts",
    "*.ts",
    "*.tsx",
  ],
  "GLOB_SET_VUE": [
    "*.vue",
  ],
  "GLOB_SET_YAML": [
    ".clang-format",
    ".clang-tidy",
    ".clangd",
    ".gemrc",
    ".lintstagedrc",
    ".prettierrc",
    ".stylelintrc",
    "*.mir",
    "*.reek",
    "*.rviz",
    "*.sublime-syntax",
    "*.syntax",
    "*.yaml",
    "*.yaml-tmlanguage",
    "*.yaml.sed",
    "*.yml",
    "*.yml.mysql",
    "CITATION.cff",
    "glide.lock",
    "pixi.lock",
  ],
}
`;
